// Jest Snapshot v1, https://goo.gl/fbAQLP

exports[`Component matches Snapshot 1`] = `ShallowWrapper {}`;
